// Jest Snapshot v1, https://goo.gl/fbAQLP

exports[`test for component rendered 1`] = `
<div
  className="App"
>
  <div>
    <form
      className="App-header"
    >
      <div
        className="favourites"
      >
        <button
          aria-expanded="false"
          aria-haspopup="true"
          className="btn btn-secondary dropdown-toggle"
          data-toggle="dropdown"
          id="favouriteButton"
          type="button"
        >
          Favourites:
        </button>
        <p>
          No Favourites Yet
        </p>
      </div>
      <svg
        className="search-icon"
        fill="currentColor"
        height="1em"
        stroke="currentColor"
        strokeWidth="0"
        style={
          Object {
            "color": undefined,
          }
        }
        viewBox="0 0 512 512"
        width="1em"
        xmlns="http://www.w3.org/2000/svg"
      >
        <path
          d="M505 442.7L405.3 343c-4.5-4.5-10.6-7-17-7H372c27.6-35.3 44-79.7 44-128C416 93.1 322.9 0 208 0S0 93.1 0 208s93.1 208 208 208c48.3 0 92.7-16.4 128-44v16.3c0 6.4 2.5 12.5 7 17l99.7 99.7c9.4 9.4 24.6 9.4 33.9 0l28.3-28.3c9.4-9.4 9.4-24.6.1-34zM208 336c-70.7 0-128-57.2-128-128 0-70.7 57.2-128 128-128 70.7 0 128 57.2 128 128 0 70.7-57.2 128-128 128z"
        />
      </svg>
      <input
        className="search-bar"
        name="query"
        onChange={[Function]}
        type="text"
      />
      <div
        className="dropdown"
      >
        <button
          aria-expanded="false"
          aria-haspopup="true"
          className="btn btn-secondary dropdown-toggle"
          data-toggle="dropdown"
          id="dropdownMenuButton"
          type="button"
        >
          Type
        </button>
        <div
          aria-labelledby="dropdownMenuButton"
          className="dropdown-menu"
        >
          <a
            className="dropdown-item"
            href="#1"
            onClick={[Function]}
          >
            music
          </a>
          <a
            className="dropdown-item"
            href="#2"
            onClick={[Function]}
          >
            movie
          </a>
          <a
            className="dropdown-item"
            href="#3"
            onClick={[Function]}
          >
            podcast
          </a>
          <a
            className="dropdown-item"
            href="#4"
            onClick={[Function]}
          >
            shortFilm
          </a>
          <a
            className="dropdown-item"
            href="#5"
            onClick={[Function]}
          >
            ebook
          </a>
        </div>
      </div>
      <input
        className="submit"
        onClick={[Function]}
        type="button"
        value="🔍 Search"
      />
    </form>
    <div
      className="result"
    />
  </div>
</div>
`;
